[2026-09-08T12:16:05] Could not extract book-now links: Locator.get_attribute: Timeout 30000ms exceeded.
Call log:
  - waiting for get_by_text(re.compile(r"book now", re.IGNORECASE)).first.locator("xpath=ancestor-or-self::a[1]")

[2026-09-08T12:16:05] No availability.
[2026-09-08T16:35:33] Could not extract book-now links: Locator.get_attribute: Timeout 30000ms exceeded.
Call log:
  - waiting for get_by_text(re.compile(r"book now", re.IGNORECASE)).first.locator("xpath=ancestor-or-self::a[1]")

[2026-09-08T16:35:33] No availability.
[2026-09-08T19:35:15] Could not extract book-now links: Locator.get_attribute: Timeout 30000ms exceeded.
Call log:
  - waiting for get_by_text(re.compile(r"book now", re.IGNORECASE)).first.locator("xpath=ancestor-or-self::a[1]")

[2026-09-08T19:35:15] No availability.
[2026-09-08T22:02:21] Could not extract book-now links: Locator.get_attribute: Timeout 30000ms exceeded.
Call log:
  - waiting for get_by_text(re.compile(r"book now", re.IGNORECASE)).first.locator("xpath=ancestor-or-self::a[1]")

[2026-09-08T22:02:21] No availability.
[2026-09-09T00:06:29] Could not extract book-now links: Locator.get_attribute: Timeout 30000ms exceeded.
Call log:
  - waiting for get_by_text(re.compile(r"book now", re.IGNORECASE)).first.locator("xpath=ancestor-or-self::a[1]")

[2026-09-09T00:06:29] No availability.
[2026-09-09T04:37:01] Could not extract book-now links: Locator.get_attribute: Timeout 30000ms exceeded.
Call log:
  - waiting for get_by_text(re.compile(r"book now", re.IGNORECASE)).first.locator("xpath=ancestor-or-self::a[1]")

[2026-09-09T04:37:02] No availability.
[2026-09-09T09:11:40] Could not extract book-now links: Locator.get_attribute: Timeout 30000ms exceeded.
Call log:
  - waiting for get_by_text(re.compile(r"book now", re.IGNORECASE)).first.locator("xpath=ancestor-or-self::a[1]")

[2026-09-09T09:11:41] No availability.
[2026-09-09T13:45:22] Could not extract book-now links: Locator.get_attribute: Timeout 30000ms exceeded.
Call log:
  - waiting for get_by_text(re.compile(r"book now", re.IGNORECASE)).first.locator("xpath=ancestor-or-self::a[1]")

[2026-09-09T13:45:22] No availability.
[2026-09-09T17:21:10] Could not extract book-now links: Locator.get_attribute: Timeout 30000ms exceeded.
Call log:
  - waiting for get_by_text(re.compile(r"book now", re.IGNORECASE)).first.locator("xpath=ancestor-or-self::a[1]")

[2026-09-09T17:21:10] No availability.
[2026-09-09T19:54:04] Could not extract book-now links: Locator.get_attribute: Timeout 30000ms exceeded.
Call log:
  - waiting for get_by_text(re.compile(r"book now", re.IGNORECASE)).first.locator("xpath=ancestor-or-self::a[1]")

[2026-09-09T19:54:04] No availability.
[2026-09-09T22:13:27] Could not extract book-now links: Locator.get_attribute: Timeout 30000ms exceeded.
Call log:
  - waiting for get_by_text(re.compile(r"book now", re.IGNORECASE)).first.locator("xpath=ancestor-or-self::a[1]")

[2026-09-09T22:13:27] No availability.
[2026-09-10T00:18:05] Could not extract book-now links: Locator.get_attribute: Timeout 30000ms exceeded.
Call log:
  - waiting for get_by_text(re.compile(r"book now", re.IGNORECASE)).first.locator("xpath=ancestor-or-self::a[1]")

[2026-09-10T00:18:05] No availability.
[2026-09-10T04:55:25] Could not extract book-now links: Locator.get_attribute: Timeout 30000ms exceeded.
Call log:
  - waiting for get_by_text(re.compile(r"book now", re.IGNORECASE)).first.locator("xpath=ancestor-or-self::a[1]")

[2026-09-10T04:55:25] No availability.
[2026-09-10T09:24:44] Could not extract book-now links: Locator.get_attribute: Timeout 30000ms exceeded.
Call log:
  - waiting for get_by_text(re.compile(r"book now", re.IGNORECASE)).first.locator("xpath=ancestor-or-self::a[1]")

[2026-09-10T09:24:44] No availability.
[2026-09-10T13:45:37] Could not extract book-now links: Locator.get_attribute: Timeout 30000ms exceeded.
Call log:
  - waiting for get_by_text(re.compile(r"book now", re.IGNORECASE)).first.locator("xpath=ancestor-or-self::a[1]")

[2026-09-10T13:45:37] No availability.
[2026-09-10T17:17:47] Could not extract book-now links: Locator.get_attribute: Timeout 30000ms exceeded.
Call log:
  - waiting for get_by_text(re.compile(r"book now", re.IGNORECASE)).first.locator("xpath=ancestor-or-self::a[1]")

[2026-09-10T17:17:47] No availability.
[2026-09-10T19:50:53] Could not extract book-now links: Locator.get_attribute: Timeout 30000ms exceeded.
Call log:
  - waiting for get_by_text(re.compile(r"book now", re.IGNORECASE)).first.locator("xpath=ancestor-or-self::a[1]")

[2026-09-10T19:50:53] No availability.
[2026-09-10T22:00:52] Could not extract book-now links: Locator.get_attribute: Timeout 30000ms exceeded.
Call log:
  - waiting for get_by_text(re.compile(r"book now", re.IGNORECASE)).first.locator("xpath=ancestor-or-self::a[1]")

[2026-09-10T22:00:52] No availability.
[2026-09-11T00:02:08] Could not extract book-now links: Locator.get_attribute: Timeout 30000ms exceeded.
Call log:
  - waiting for get_by_text(re.compile(r"book now", re.IGNORECASE)).first.locator("xpath=ancestor-or-self::a[1]")

[2026-09-11T00:02:08] No availability.
[2026-09-11T04:30:02] Could not extract book-now links: Locator.get_attribute: Timeout 30000ms exceeded.
Call log:
  - waiting for get_by_text(re.compile(r"book now", re.IGNORECASE)).first.locator("xpath=ancestor-or-self::a[1]")

[2026-09-11T04:30:02] No availability.
[2026-09-11T09:05:48] Sent availability notification.
[2026-09-11T13:31:40] Could not extract book-now links: Locator.get_attribute: Timeout 30000ms exceeded.
Call log:
  - waiting for get_by_text(re.compile(r"book now", re.IGNORECASE)).first.locator("xpath=ancestor-or-self::a[1]")

[2026-09-11T13:31:40] No availability.
[2026-09-11T17:10:41] Could not extract book-now links: Locator.get_attribute: Timeout 30000ms exceeded.
Call log:
  - waiting for get_by_text(re.compile(r"book now", re.IGNORECASE)).first.locator("xpath=ancestor-or-self::a[1]")

[2026-09-11T17:10:41] No availability.
[2026-09-11T19:43:24] Could not extract book-now links: Locator.get_attribute: Timeout 30000ms exceeded.
Call log:
  - waiting for get_by_text(re.compile(r"book now", re.IGNORECASE)).first.locator("xpath=ancestor-or-self::a[1]")

[2026-09-11T19:43:24] No availability.
[2026-09-11T22:00:07] Could not extract book-now links: Locator.get_attribute: Timeout 30000ms exceeded.
Call log:
  - waiting for get_by_text(re.compile(r"book now", re.IGNORECASE)).first.locator("xpath=ancestor-or-self::a[1]")

[2026-09-11T22:00:07] No availability.
[2026-09-12T00:09:15] Could not extract book-now links: Locator.get_attribute: Timeout 30000ms exceeded.
Call log:
  - waiting for get_by_text(re.compile(r"book now", re.IGNORECASE)).first.locator("xpath=ancestor-or-self::a[1]")

[2026-09-12T00:09:16] No availability.
[2026-09-12T04:33:35] Could not extract book-now links: Locator.get_attribute: Timeout 30000ms exceeded.
Call log:
  - waiting for get_by_text(re.compile(r"book now", re.IGNORECASE)).first.locator("xpath=ancestor-or-self::a[1]")

[2026-09-12T04:33:35] No availability.
[2026-09-12T08:49:15] Could not extract book-now links: Locator.get_attribute: Timeout 30000ms exceeded.
Call log:
  - waiting for get_by_text(re.compile(r"book now", re.IGNORECASE)).first.locator("xpath=ancestor-or-self::a[1]")

[2026-09-12T08:49:15] No availability.
[2026-09-12T12:26:08] Could not extract book-now links: Locator.get_attribute: Timeout 30000ms exceeded.
Call log:
  - waiting for get_by_text(re.compile(r"book now", re.IGNORECASE)).first.locator("xpath=ancestor-or-self::a[1]")

[2026-09-12T12:26:08] No availability.
[2026-09-12T15:45:54] Could not extract book-now links: Locator.get_attribute: Timeout 30000ms exceeded.
Call log:
  - waiting for get_by_text(re.compile(r"book now", re.IGNORECASE)).first.locator("xpath=ancestor-or-self::a[1]")

[2026-09-12T15:45:54] No availability.
[2026-09-12T17:53:33] Could not extract book-now links: Locator.get_attribute: Timeout 30000ms exceeded.
Call log:
  - waiting for get_by_text(re.compile(r"book now", re.IGNORECASE)).first.locator("xpath=ancestor-or-self::a[1]")

[2026-09-12T17:53:34] No availability.
[2026-09-12T20:03:52] Could not extract book-now links: Locator.get_attribute: Timeout 30000ms exceeded.
Call log:
  - waiting for get_by_text(re.compile(r"book now", re.IGNORECASE)).first.locator("xpath=ancestor-or-self::a[1]")

[2026-09-12T20:03:52] No availability.
[2026-09-12T22:13:58] Could not extract book-now links: Locator.get_attribute: Timeout 30000ms exceeded.
Call log:
  - waiting for get_by_text(re.compile(r"book now", re.IGNORECASE)).first.locator("xpath=ancestor-or-self::a[1]")

[2026-09-12T22:13:58] No availability.
[2026-09-13T00:02:53] Could not extract book-now links: Locator.get_attribute: Timeout 30000ms exceeded.
Call log:
  - waiting for get_by_text(re.compile(r"book now", re.IGNORECASE)).first.locator("xpath=ancestor-or-self::a[1]")

[2026-09-13T00:02:53] No availability.
[2026-09-13T09:55:46] Could not extract book-now links: Locator.get_attribute: Timeout 30000ms exceeded.
Call log:
  - waiting for get_by_text(re.compile(r"book now", re.IGNORECASE)).first.locator("xpath=ancestor-or-self::a[1]")

[2026-09-13T09:55:46] No availability.
[2026-09-13T13:56:48] Could not extract book-now links: Locator.get_attribute: Timeout 30000ms exceeded.
Call log:
  - waiting for get_by_text(re.compile(r"book now", re.IGNORECASE)).first.locator("xpath=ancestor-or-self::a[1]")

[2026-09-13T13:56:48] No availability.
[2026-09-13T17:20:43] Could not extract book-now links: Locator.get_attribute: Timeout 30000ms exceeded.
Call log:
  - waiting for get_by_text(re.compile(r"book now", re.IGNORECASE)).first.locator("xpath=ancestor-or-self::a[1]")

[2026-09-13T17:20:43] No availability.
[2026-09-13T19:34:56] Could not extract book-now links: Locator.get_attribute: Timeout 30000ms exceeded.
Call log:
  - waiting for get_by_text(re.compile(r"book now", re.IGNORECASE)).first.locator("xpath=ancestor-or-self::a[1]")

[2026-09-13T19:34:56] No availability.
[2026-09-13T21:40:17] Could not extract book-now links: Locator.get_attribute: Timeout 30000ms exceeded.
Call log:
  - waiting for get_by_text(re.compile(r"book now", re.IGNORECASE)).first.locator("xpath=ancestor-or-self::a[1]")

[2026-09-13T21:40:17] No availability.
[2026-09-13T23:34:00] Could not extract book-now links: Locator.get_attribute: Timeout 30000ms exceeded.
Call log:
  - waiting for get_by_text(re.compile(r"book now", re.IGNORECASE)).first.locator("xpath=ancestor-or-self::a[1]")

[2026-09-13T23:34:00] No availability.
[2026-09-14T01:37:01] Could not extract book-now links: Locator.get_attribute: Timeout 30000ms exceeded.
Call log:
  - waiting for get_by_text(re.compile(r"book now", re.IGNORECASE)).first.locator("xpath=ancestor-or-self::a[1]")

[2026-09-14T01:37:01] No availability.
[2026-09-14T07:05:03] Could not extract book-now links: Locator.get_attribute: Timeout 30000ms exceeded.
Call log:
  - waiting for get_by_text(re.compile(r"book now", re.IGNORECASE)).first.locator("xpath=ancestor-or-self::a[1]")

[2026-09-14T07:05:03] No availability.
[2026-09-14T13:59:02] Could not extract book-now links: Locator.get_attribute: Timeout 30000ms exceeded.
Call log:
  - waiting for get_by_text(re.compile(r"book now", re.IGNORECASE)).first.locator("xpath=ancestor-or-self::a[1]")

[2026-09-14T13:59:02] No availability.
[2026-09-14T19:15:32] Could not extract book-now links: Locator.get_attribute: Timeout 30000ms exceeded.
Call log:
  - waiting for get_by_text(re.compile(r"book now", re.IGNORECASE)).first.locator("xpath=ancestor-or-self::a[1]")

[2026-09-14T19:15:32] No availability.
[2026-09-14T22:34:53] Could not extract book-now links: Locator.get_attribute: Timeout 30000ms exceeded.
Call log:
  - waiting for get_by_text(re.compile(r"book now", re.IGNORECASE)).first.locator("xpath=ancestor-or-self::a[1]")

[2026-09-14T22:34:54] No availability.
[2026-09-15T00:53:13] Could not extract book-now links: Locator.get_attribute: Timeout 30000ms exceeded.
Call log:
  - waiting for get_by_text(re.compile(r"book now", re.IGNORECASE)).first.locator("xpath=ancestor-or-self::a[1]")

[2026-09-15T00:53:13] No availability.
[2026-09-15T05:40:01] Could not extract book-now links: Locator.get_attribute: Timeout 30000ms exceeded.
Call log:
  - waiting for get_by_text(re.compile(r"book now", re.IGNORECASE)).first.locator("xpath=ancestor-or-self::a[1]")

[2026-09-15T05:40:01] No availability.
[2026-09-15T10:28:43] Could not extract book-now links: Locator.get_attribute: Timeout 30000ms exceeded.
Call log:
  - waiting for get_by_text(re.compile(r"book now", re.IGNORECASE)).first.locator("xpath=ancestor-or-self::a[1]")

[2026-09-15T10:28:43] No availability.
[2026-09-15T15:14:10] Could not extract book-now links: Locator.get_attribute: Timeout 30000ms exceeded.
Call log:
  - waiting for get_by_text(re.compile(r"book now", re.IGNORECASE)).first.locator("xpath=ancestor-or-self::a[1]")

[2026-09-15T15:14:10] No availability.
[2026-09-15T19:04:07] Could not extract book-now links: Locator.get_attribute: Timeout 30000ms exceeded.
Call log:
  - waiting for get_by_text(re.compile(r"book now", re.IGNORECASE)).first.locator("xpath=ancestor-or-self::a[1]")

[2026-09-15T19:04:07] No availability.
[2026-09-15T22:10:47] Could not extract book-now links: Locator.get_attribute: Timeout 30000ms exceeded.
Call log:
  - waiting for get_by_text(re.compile(r"book now", re.IGNORECASE)).first.locator("xpath=ancestor-or-self::a[1]")

[2026-09-15T22:10:47] No availability.
[2026-09-16T00:21:47] Sent availability notification.
[2026-09-16T05:01:12] Could not extract book-now links: Locator.get_attribute: Timeout 30000ms exceeded.
Call log:
  - waiting for get_by_text(re.compile(r"book now", re.IGNORECASE)).first.locator("xpath=ancestor-or-self::a[1]")

[2026-09-16T05:01:12] No availability.
[2026-09-16T09:52:10] Could not extract book-now links: Locator.get_attribute: Timeout 30000ms exceeded.
Call log:
  - waiting for get_by_text(re.compile(r"book now", re.IGNORECASE)).first.locator("xpath=ancestor-or-self::a[1]")

[2026-09-16T09:52:10] No availability.
[2026-09-16T14:28:33] Could not extract book-now links: Locator.get_attribute: Timeout 30000ms exceeded.
Call log:
  - waiting for get_by_text(re.compile(r"book now", re.IGNORECASE)).first.locator("xpath=ancestor-or-self::a[1]")

[2026-09-16T14:28:33] No availability.
[2026-09-16T18:23:18] Could not extract book-now links: Locator.get_attribute: Timeout 30000ms exceeded.
Call log:
  - waiting for get_by_text(re.compile(r"book now", re.IGNORECASE)).first.locator("xpath=ancestor-or-self::a[1]")

[2026-09-16T18:23:18] No availability.
[2026-09-16T21:30:42] Could not extract book-now links: Locator.get_attribute: Timeout 30000ms exceeded.
Call log:
  - waiting for get_by_text(re.compile(r"book now", re.IGNORECASE)).first.locator("xpath=ancestor-or-self::a[1]")

[2026-09-16T21:30:42] No availability.
[2026-09-16T23:48:08] Could not extract book-now links: Locator.get_attribute: Timeout 30000ms exceeded.
Call log:
  - waiting for get_by_text(re.compile(r"book now", re.IGNORECASE)).first.locator("xpath=ancestor-or-self::a[1]")

[2026-09-16T23:48:08] No availability.
[2026-09-17T01:49:24] Could not extract book-now links: Locator.get_attribute: Timeout 30000ms exceeded.
Call log:
  - waiting for get_by_text(re.compile(r"book now", re.IGNORECASE)).first.locator("xpath=ancestor-or-self::a[1]")

[2026-09-17T01:49:24] No availability.
[2026-09-17T06:48:10] Telegram API returned 401: {"ok":false,"error_code":401,"description":"Unauthorized"}
[2026-09-17T06:48:12] Telegram API returned 401: {"ok":false,"error_code":401,"description":"Unauthorized"}
[2026-09-17T06:48:14] Sent availability notification.
[2026-09-17T12:15:07] Could not extract book-now links: Locator.get_attribute: Timeout 30000ms exceeded.
Call log:
  - waiting for get_by_text(re.compile(r"book now", re.IGNORECASE)).first.locator("xpath=ancestor-or-self::a[1]")

[2026-09-17T12:15:07] No availability.
[2026-09-17T17:06:19] Could not extract book-now links: Locator.get_attribute: Timeout 30000ms exceeded.
Call log:
  - waiting for get_by_text(re.compile(r"book now", re.IGNORECASE)).first.locator("xpath=ancestor-or-self::a[1]")

[2026-09-17T17:06:19] No availability.
[2026-09-17T20:18:55] Could not extract book-now links: Locator.get_attribute: Timeout 30000ms exceeded.
Call log:
  - waiting for get_by_text(re.compile(r"book now", re.IGNORECASE)).first.locator("xpath=ancestor-or-self::a[1]")

[2026-09-17T20:18:55] No availability.
[2026-09-17T22:55:37] Could not extract book-now links: Locator.get_attribute: Timeout 30000ms exceeded.
Call log:
  - waiting for get_by_text(re.compile(r"book now", re.IGNORECASE)).first.locator("xpath=ancestor-or-self::a[1]")

[2026-09-17T22:55:37] No availability.
[2026-09-18T01:04:46] Could not extract book-now links: Locator.get_attribute: Timeout 30000ms exceeded.
Call log:
  - waiting for get_by_text(re.compile(r"book now", re.IGNORECASE)).first.locator("xpath=ancestor-or-self::a[1]")

[2026-09-18T01:04:46] No availability.
[2026-09-18T05:52:50] Could not extract book-now links: Locator.get_attribute: Timeout 30000ms exceeded.
Call log:
  - waiting for get_by_text(re.compile(r"book now", re.IGNORECASE)).first.locator("xpath=ancestor-or-self::a[1]")

[2026-09-18T05:52:50] No availability.
[2026-09-18T10:20:00] Could not extract book-now links: Locator.get_attribute: Timeout 30000ms exceeded.
Call log:
  - waiting for get_by_text(re.compile(r"book now", re.IGNORECASE)).first.locator("xpath=ancestor-or-self::a[1]")

[2026-09-18T10:20:01] No availability.
[2026-09-18T14:34:43] Could not extract book-now links: Locator.get_attribute: Timeout 30000ms exceeded.
Call log:
  - waiting for get_by_text(re.compile(r"book now", re.IGNORECASE)).first.locator("xpath=ancestor-or-self::a[1]")

[2026-09-18T14:34:43] No availability.
[2026-09-18T17:51:55] Could not extract book-now links: Locator.get_attribute: Timeout 30000ms exceeded.
Call log:
  - waiting for get_by_text(re.compile(r"book now", re.IGNORECASE)).first.locator("xpath=ancestor-or-self::a[1]")

[2026-09-18T17:51:55] No availability.
[2026-09-18T20:08:53] Could not extract book-now links: Locator.get_attribute: Timeout 30000ms exceeded.
Call log:
  - waiting for get_by_text(re.compile(r"book now", re.IGNORECASE)).first.locator("xpath=ancestor-or-self::a[1]")

[2026-09-18T20:08:53] No availability.
[2026-09-18T22:34:59] Could not extract book-now links: Locator.get_attribute: Timeout 30000ms exceeded.
Call log:
  - waiting for get_by_text(re.compile(r"book now", re.IGNORECASE)).first.locator("xpath=ancestor-or-self::a[1]")

[2026-09-18T22:34:59] No availability.
[2026-09-19T00:37:23] Telegram API returned 401: {"ok":false,"error_code":401,"description":"Unauthorized"}
[2026-09-19T00:37:25] Telegram API returned 401: {"ok":false,"error_code":401,"description":"Unauthorized"}
[2026-09-19T00:37:27] Sent availability notification.
[2026-09-19T05:03:30] Could not extract book-now links: Locator.get_attribute: Timeout 30000ms exceeded.
Call log:
  - waiting for get_by_text(re.compile(r"book now", re.IGNORECASE)).first.locator("xpath=ancestor-or-self::a[1]")

[2026-09-19T05:03:30] No availability.
[2026-09-19T09:26:22] Could not extract book-now links: Locator.get_attribute: Timeout 30000ms exceeded.
Call log:
  - waiting for get_by_text(re.compile(r"book now", re.IGNORECASE)).first.locator("xpath=ancestor-or-self::a[1]")

[2026-09-19T09:26:22] No availability.
[2026-09-19T13:19:08] Could not extract book-now links: Locator.get_attribute: Timeout 30000ms exceeded.
Call log:
  - waiting for get_by_text(re.compile(r"book now", re.IGNORECASE)).first.locator("xpath=ancestor-or-self::a[1]")

[2026-09-19T13:19:08] No availability.
[2026-09-19T16:35:21] Could not extract book-now links: Locator.get_attribute: Timeout 30000ms exceeded.
Call log:
  - waiting for get_by_text(re.compile(r"book now", re.IGNORECASE)).first.locator("xpath=ancestor-or-self::a[1]")

[2026-09-19T16:35:21] No availability.
[2026-09-19T18:53:01] Could not extract book-now links: Locator.get_attribute: Timeout 30000ms exceeded.
Call log:
  - waiting for get_by_text(re.compile(r"book now", re.IGNORECASE)).first.locator("xpath=ancestor-or-self::a[1]")

[2026-09-19T18:53:01] No availability.
[2026-09-19T21:13:24] Could not extract book-now links: Locator.get_attribute: Timeout 30000ms exceeded.
Call log:
  - waiting for get_by_text(re.compile(r"book now", re.IGNORECASE)).first.locator("xpath=ancestor-or-self::a[1]")

[2026-09-19T21:13:24] No availability.
[2026-09-19T23:13:38] Telegram API returned 401: {"ok":false,"error_code":401,"description":"Unauthorized"}
[2026-09-19T23:13:40] Telegram API returned 401: {"ok":false,"error_code":401,"description":"Unauthorized"}
[2026-09-19T23:13:42] Sent availability notification.
[2026-09-20T01:10:42] Could not extract book-now links: Locator.get_attribute: Timeout 30000ms exceeded.
Call log:
  - waiting for get_by_text(re.compile(r"book now", re.IGNORECASE)).first.locator("xpath=ancestor-or-self::a[1]")

[2026-09-20T01:10:42] No availability.
[2026-09-20T06:17:36] Could not extract book-now links: Locator.get_attribute: Timeout 30000ms exceeded.
Call log:
  - waiting for get_by_text(re.compile(r"book now", re.IGNORECASE)).first.locator("xpath=ancestor-or-self::a[1]")

[2026-09-20T06:17:36] No availability.
[2026-09-20T11:37:17] Telegram API returned 401: {"ok":false,"error_code":401,"description":"Unauthorized"}
[2026-09-20T11:37:19] Telegram API returned 401: {"ok":false,"error_code":401,"description":"Unauthorized"}
[2026-09-20T11:37:21] Sent availability notification.
[2026-09-20T14:52:06] Could not extract book-now links: Locator.get_attribute: Timeout 30000ms exceeded.
Call log:
  - waiting for get_by_text(re.compile(r"book now", re.IGNORECASE)).first.locator("xpath=ancestor-or-self::a[1]")

[2026-09-20T14:52:06] No availability.
[2026-09-20T17:48:20] Could not extract book-now links: Locator.get_attribute: Timeout 30000ms exceeded.
Call log:
  - waiting for get_by_text(re.compile(r"book now", re.IGNORECASE)).first.locator("xpath=ancestor-or-self::a[1]")

[2026-09-20T17:48:20] No availability.
[2026-09-20T19:51:40] Could not extract book-now links: Locator.get_attribute: Timeout 30000ms exceeded.
Call log:
  - waiting for get_by_text(re.compile(r"book now", re.IGNORECASE)).first.locator("xpath=ancestor-or-self::a[1]")

[2026-09-20T19:51:40] No availability.
[2026-09-20T22:01:31] Could not extract book-now links: Locator.get_attribute: Timeout 30000ms exceeded.
Call log:
  - waiting for get_by_text(re.compile(r"book now", re.IGNORECASE)).first.locator("xpath=ancestor-or-self::a[1]")

[2026-09-20T22:01:31] No availability.
[2026-09-21T00:10:07] Could not extract book-now links: Locator.get_attribute: Timeout 30000ms exceeded.
Call log:
  - waiting for get_by_text(re.compile(r"book now", re.IGNORECASE)).first.locator("xpath=ancestor-or-self::a[1]")

[2026-09-21T00:10:07] No availability.
[2026-09-21T04:55:51] Could not extract book-now links: Locator.get_attribute: Timeout 30000ms exceeded.
Call log:
  - waiting for get_by_text(re.compile(r"book now", re.IGNORECASE)).first.locator("xpath=ancestor-or-self::a[1]")

[2026-09-21T04:55:51] No availability.
[2026-09-21T10:26:43] Telegram API returned 401: {"ok":false,"error_code":401,"description":"Unauthorized"}
[2026-09-21T10:26:46] Telegram API returned 401: {"ok":false,"error_code":401,"description":"Unauthorized"}
[2026-09-21T10:26:48] Sent availability notification.
[2026-09-21T16:33:49] Could not extract book-now links: Locator.get_attribute: Timeout 30000ms exceeded.
Call log:
  - waiting for get_by_text(re.compile(r"book now", re.IGNORECASE)).first.locator("xpath=ancestor-or-self::a[1]")

[2026-09-21T16:33:49] No availability.
[2026-09-21T20:33:46] Could not extract book-now links: Locator.get_attribute: Timeout 30000ms exceeded.
Call log:
  - waiting for get_by_text(re.compile(r"book now", re.IGNORECASE)).first.locator("xpath=ancestor-or-self::a[1]")

[2026-09-21T20:33:46] No availability.
[2026-09-21T23:34:18] Could not extract book-now links: Locator.get_attribute: Timeout 30000ms exceeded.
Call log:
  - waiting for get_by_text(re.compile(r"book now", re.IGNORECASE)).first.locator("xpath=ancestor-or-self::a[1]")

[2026-09-21T23:34:18] No availability.
[2026-09-22T01:50:33] Could not extract book-now links: Locator.get_attribute: Timeout 30000ms exceeded.
Call log:
  - waiting for get_by_text(re.compile(r"book now", re.IGNORECASE)).first.locator("xpath=ancestor-or-self::a[1]")

[2026-09-22T01:50:33] No availability.
[2026-09-22T06:53:57] Could not extract book-now links: Locator.get_attribute: Timeout 30000ms exceeded.
Call log:
  - waiting for get_by_text(re.compile(r"book now", re.IGNORECASE)).first.locator("xpath=ancestor-or-self::a[1]")

[2026-09-22T06:53:57] No availability.
[2026-09-22T12:17:22] Could not extract book-now links: Locator.get_attribute: Timeout 30000ms exceeded.
Call log:
  - waiting for get_by_text(re.compile(r"book now", re.IGNORECASE)).first.locator("xpath=ancestor-or-self::a[1]")

[2026-09-22T12:17:22] No availability.
[2026-09-22T17:04:36] Could not extract book-now links: Locator.get_attribute: Timeout 30000ms exceeded.
Call log:
  - waiting for get_by_text(re.compile(r"book now", re.IGNORECASE)).first.locator("xpath=ancestor-or-self::a[1]")

[2026-09-22T17:04:36] No availability.
[2026-09-22T20:10:42] Could not extract book-now links: Locator.get_attribute: Timeout 30000ms exceeded.
Call log:
  - waiting for get_by_text(re.compile(r"book now", re.IGNORECASE)).first.locator("xpath=ancestor-or-self::a[1]")

[2026-09-22T20:10:42] No availability.
[2026-09-22T22:58:16] Could not extract book-now links: Locator.get_attribute: Timeout 30000ms exceeded.
Call log:
  - waiting for get_by_text(re.compile(r"book now", re.IGNORECASE)).first.locator("xpath=ancestor-or-self::a[1]")

[2026-09-22T22:58:16] No availability.
[2026-09-23T01:22:58] Could not extract book-now links: Locator.get_attribute: Timeout 30000ms exceeded.
Call log:
  - waiting for get_by_text(re.compile(r"book now", re.IGNORECASE)).first.locator("xpath=ancestor-or-self::a[1]")

[2026-09-23T01:22:58] No availability.
[2026-09-23T06:14:12] Could not extract book-now links: Locator.get_attribute: Timeout 30000ms exceeded.
Call log:
  - waiting for get_by_text(re.compile(r"book now", re.IGNORECASE)).first.locator("xpath=ancestor-or-self::a[1]")

[2026-09-23T06:14:12] No availability.
[2026-09-23T11:45:24] Telegram API returned 401: {"ok":false,"error_code":401,"description":"Unauthorized"}
[2026-09-23T11:45:26] Telegram API returned 401: {"ok":false,"error_code":401,"description":"Unauthorized"}
[2026-09-23T11:45:28] Sent availability notification.
[2026-09-23T15:36:07] Could not extract book-now links: Locator.get_attribute: Timeout 30000ms exceeded.
Call log:
  - waiting for get_by_text(re.compile(r"book now", re.IGNORECASE)).first.locator("xpath=ancestor-or-self::a[1]")

[2026-09-23T15:36:07] No availability.
[2026-09-23T19:14:24] Could not extract book-now links: Locator.get_attribute: Timeout 30000ms exceeded.
Call log:
  - waiting for get_by_text(re.compile(r"book now", re.IGNORECASE)).first.locator("xpath=ancestor-or-self::a[1]")

[2026-09-23T19:14:24] No availability.
[2026-09-23T22:22:05] Telegram API returned 401: {"ok":false,"error_code":401,"description":"Unauthorized"}
[2026-09-23T22:22:07] Telegram API returned 401: {"ok":false,"error_code":401,"description":"Unauthorized"}
[2026-09-23T22:22:09] Sent availability notification.
[2026-09-24T00:39:56] Telegram API returned 401: {"ok":false,"error_code":401,"description":"Unauthorized"}
[2026-09-24T00:39:59] Telegram API returned 401: {"ok":false,"error_code":401,"description":"Unauthorized"}
[2026-09-24T00:40:01] Sent availability notification.
[2026-09-24T05:27:31] Could not extract book-now links: Locator.get_attribute: Timeout 30000ms exceeded.
Call log:
  - waiting for get_by_text(re.compile(r"book now", re.IGNORECASE)).first.locator("xpath=ancestor-or-self::a[1]")

[2026-09-24T05:27:31] No availability.
[2026-09-24T10:25:25] Telegram API returned 401: {"ok":false,"error_code":401,"description":"Unauthorized"}
[2026-09-24T10:25:28] Telegram API returned 401: {"ok":false,"error_code":401,"description":"Unauthorized"}
[2026-09-24T10:25:30] Sent availability notification.
[2026-09-24T15:24:46] Telegram API returned 401: {"ok":false,"error_code":401,"description":"Unauthorized"}
[2026-09-24T15:24:48] Telegram API returned 401: {"ok":false,"error_code":401,"description":"Unauthorized"}
[2026-09-24T15:24:50] Sent availability notification.
[2026-09-24T19:24:37] Telegram API returned 401: {"ok":false,"error_code":401,"description":"Unauthorized"}
[2026-09-24T19:24:39] Telegram API returned 401: {"ok":false,"error_code":401,"description":"Unauthorized"}
[2026-09-24T19:24:41] Sent availability notification.
[2026-09-24T22:37:47] Telegram API returned 401: {"ok":false,"error_code":401,"description":"Unauthorized"}
[2026-09-24T22:37:49] Telegram API returned 401: {"ok":false,"error_code":401,"description":"Unauthorized"}
[2026-09-24T22:37:51] Sent availability notification.
[2026-09-25T00:49:30] Telegram API returned 401: {"ok":false,"error_code":401,"description":"Unauthorized"}
[2026-09-25T00:49:32] Telegram API returned 401: {"ok":false,"error_code":401,"description":"Unauthorized"}
[2026-09-25T00:49:34] Sent availability notification.
[2026-09-25T05:32:07] Telegram API returned 401: {"ok":false,"error_code":401,"description":"Unauthorized"}
[2026-09-25T05:32:09] Telegram API returned 401: {"ok":false,"error_code":401,"description":"Unauthorized"}
[2026-09-25T05:32:11] Sent availability notification.
[2026-09-25T10:32:08] Telegram API returned 401: {"ok":false,"error_code":401,"description":"Unauthorized"}
[2026-09-25T10:32:10] Telegram API returned 401: {"ok":false,"error_code":401,"description":"Unauthorized"}
[2026-09-25T10:32:12] Sent availability notification.
[2026-09-25T15:31:55] Telegram API returned 401: {"ok":false,"error_code":401,"description":"Unauthorized"}
[2026-09-25T15:31:57] Telegram API returned 401: {"ok":false,"error_code":401,"description":"Unauthorized"}
[2026-09-25T15:31:59] Sent availability notification.
[2026-09-25T19:30:49] Telegram API returned 401: {"ok":false,"error_code":401,"description":"Unauthorized"}
[2026-09-25T19:30:51] Telegram API returned 401: {"ok":false,"error_code":401,"description":"Unauthorized"}
[2026-09-25T19:30:53] Sent availability notification.
[2026-09-25T22:45:36] Telegram API returned 401: {"ok":false,"error_code":401,"description":"Unauthorized"}
[2026-09-25T22:45:38] Telegram API returned 401: {"ok":false,"error_code":401,"description":"Unauthorized"}
[2026-09-25T22:45:40] Sent availability notification.
[2026-09-26T00:57:45] Telegram API returned 401: {"ok":false,"error_code":401,"description":"Unauthorized"}
[2026-09-26T00:57:47] Telegram API returned 401: {"ok":false,"error_code":401,"description":"Unauthorized"}
[2026-09-26T00:57:49] Sent availability notification.
[2026-09-26T05:59:38] Telegram API returned 401: {"ok":false,"error_code":401,"description":"Unauthorized"}
[2026-09-26T05:59:41] Telegram API returned 401: {"ok":false,"error_code":401,"description":"Unauthorized"}
[2026-09-26T05:59:43] Sent availability notification.
[2026-09-26T11:16:09] Telegram API returned 401: {"ok":false,"error_code":401,"description":"Unauthorized"}
[2026-09-26T11:16:12] Telegram API returned 401: {"ok":false,"error_code":401,"description":"Unauthorized"}
[2026-09-26T11:16:14] Sent availability notification.
[2026-09-26T15:01:06] Telegram API returned 401: {"ok":false,"error_code":401,"description":"Unauthorized"}
[2026-09-26T15:01:08] Telegram API returned 401: {"ok":false,"error_code":401,"description":"Unauthorized"}
[2026-09-26T15:01:10] Sent availability notification.
[2026-09-26T18:31:23] Telegram API returned 401: {"ok":false,"error_code":401,"description":"Unauthorized"}
[2026-09-26T18:31:25] Telegram API returned 401: {"ok":false,"error_code":401,"description":"Unauthorized"}
[2026-09-26T18:31:27] Sent availability notification.
[2026-09-26T21:29:10] Telegram API returned 401: {"ok":false,"error_code":401,"description":"Unauthorized"}
[2026-09-26T21:29:13] Telegram API returned 401: {"ok":false,"error_code":401,"description":"Unauthorized"}
[2026-09-26T21:29:15] Sent availability notification.
[2026-09-26T23:49:01] Could not extract book-now links: Locator.get_attribute: Timeout 30000ms exceeded.
Call log:
  - waiting for get_by_text(re.compile(r"book now", re.IGNORECASE)).first.locator("xpath=ancestor-or-self::a[1]")

[2026-09-26T23:49:01] No availability.
[2026-09-27T01:56:41] Telegram API returned 401: {"ok":false,"error_code":401,"description":"Unauthorized"}
[2026-09-27T01:56:43] Telegram API returned 401: {"ok":false,"error_code":401,"description":"Unauthorized"}
[2026-09-27T01:56:45] Sent availability notification.
[2026-09-27T07:43:19] Telegram API returned 401: {"ok":false,"error_code":401,"description":"Unauthorized"}
[2026-09-27T07:43:21] Telegram API returned 401: {"ok":false,"error_code":401,"description":"Unauthorized"}
[2026-09-27T07:43:23] Sent availability notification.
[2026-09-27T13:20:55] Telegram API returned 401: {"ok":false,"error_code":401,"description":"Unauthorized"}
[2026-09-27T13:20:57] Telegram API returned 401: {"ok":false,"error_code":401,"description":"Unauthorized"}
[2026-09-27T13:20:59] Sent availability notification.
[2026-09-27T17:51:31] Telegram API returned 401: {"ok":false,"error_code":401,"description":"Unauthorized"}
[2026-09-27T17:51:33] Telegram API returned 401: {"ok":false,"error_code":401,"description":"Unauthorized"}
[2026-09-27T17:51:35] Sent availability notification.
[2026-09-27T20:33:20] Telegram API returned 401: {"ok":false,"error_code":401,"description":"Unauthorized"}
[2026-09-27T20:33:22] Telegram API returned 401: {"ok":false,"error_code":401,"description":"Unauthorized"}
[2026-09-27T20:33:24] Sent availability notification.
[2026-09-27T23:23:37] Telegram API returned 401: {"ok":false,"error_code":401,"description":"Unauthorized"}
[2026-09-27T23:23:39] Telegram API returned 401: {"ok":false,"error_code":401,"description":"Unauthorized"}
[2026-09-27T23:23:41] Sent availability notification.
[2026-09-28T01:50:31] Telegram API returned 401: {"ok":false,"error_code":401,"description":"Unauthorized"}
[2026-09-28T01:50:34] Telegram API returned 401: {"ok":false,"error_code":401,"description":"Unauthorized"}
[2026-09-28T01:50:36] Sent availability notification.
[2026-09-28T07:48:11] Telegram API returned 401: {"ok":false,"error_code":401,"description":"Unauthorized"}
[2026-09-28T07:48:13] Telegram API returned 401: {"ok":false,"error_code":401,"description":"Unauthorized"}
[2026-09-28T07:48:15] Sent availability notification.
[2026-09-28T16:06:40] Could not extract book-now links: Locator.get_attribute: Timeout 30000ms exceeded.
Call log:
  - waiting for get_by_text(re.compile(r"book now", re.IGNORECASE)).first.locator("xpath=ancestor-or-self::a[1]")

[2026-09-28T16:06:40] No availability.
[2026-09-28T21:58:15] Telegram API returned 401: {"ok":false,"error_code":401,"description":"Unauthorized"}
[2026-09-28T21:58:17] Telegram API returned 401: {"ok":false,"error_code":401,"description":"Unauthorized"}
[2026-09-28T21:58:19] Sent availability notification.
[2026-09-29T01:44:02] Telegram API returned 401: {"ok":false,"error_code":401,"description":"Unauthorized"}
[2026-09-29T01:44:04] Telegram API returned 401: {"ok":false,"error_code":401,"description":"Unauthorized"}
[2026-09-29T01:44:06] Sent availability notification.
[2026-09-29T07:33:21] Telegram API returned 401: {"ok":false,"error_code":401,"description":"Unauthorized"}
[2026-09-29T07:33:23] Telegram API returned 401: {"ok":false,"error_code":401,"description":"Unauthorized"}
[2026-09-29T07:33:25] Sent availability notification.
[2026-09-29T14:20:18] Telegram API returned 401: {"ok":false,"error_code":401,"description":"Unauthorized"}
[2026-09-29T14:20:20] Telegram API returned 401: {"ok":false,"error_code":401,"description":"Unauthorized"}
[2026-09-29T14:20:22] Sent availability notification.
[2026-09-29T19:31:10] Telegram API returned 401: {"ok":false,"error_code":401,"description":"Unauthorized"}
[2026-09-29T19:31:13] Telegram API returned 401: {"ok":false,"error_code":401,"description":"Unauthorized"}
[2026-09-29T19:31:15] Sent availability notification.
[2026-09-29T23:10:27] Telegram API returned 401: {"ok":false,"error_code":401,"description":"Unauthorized"}
[2026-09-29T23:10:29] Telegram API returned 401: {"ok":false,"error_code":401,"description":"Unauthorized"}
[2026-09-29T23:10:31] Sent availability notification.
[2026-09-30T02:08:32] Could not extract book-now links: Locator.get_attribute: Timeout 30000ms exceeded.
Call log:
  - waiting for get_by_text(re.compile(r"book now", re.IGNORECASE)).first.locator("xpath=ancestor-or-self::a[1]")

[2026-09-30T02:08:32] No availability.
[2026-09-30T08:31:33] Could not extract book-now links: Locator.get_attribute: Timeout 30000ms exceeded.
Call log:
  - waiting for get_by_text(re.compile(r"book now", re.IGNORECASE)).first.locator("xpath=ancestor-or-self::a[1]")

[2026-09-30T08:31:33] No availability.
[2026-09-30T15:16:42] Telegram API returned 401: {"ok":false,"error_code":401,"description":"Unauthorized"}
[2026-09-30T15:16:45] Telegram API returned 401: {"ok":false,"error_code":401,"description":"Unauthorized"}
[2026-09-30T15:16:47] Sent availability notification.
[2026-09-30T20:06:48] Telegram API returned 401: {"ok":false,"error_code":401,"description":"Unauthorized"}
[2026-09-30T20:06:50] Telegram API returned 401: {"ok":false,"error_code":401,"description":"Unauthorized"}
[2026-09-30T20:06:52] Sent availability notification.
[2026-09-30T23:46:23] Telegram API returned 401: {"ok":false,"error_code":401,"description":"Unauthorized"}
[2026-09-30T23:46:26] Telegram API returned 401: {"ok":false,"error_code":401,"description":"Unauthorized"}
[2026-09-30T23:46:28] Sent availability notification.
[2026-10-01T02:31:11] Telegram API returned 401: {"ok":false,"error_code":401,"description":"Unauthorized"}
[2026-10-01T02:31:13] Telegram API returned 401: {"ok":false,"error_code":401,"description":"Unauthorized"}
[2026-10-01T02:31:15] Sent availability notification.
[2026-10-01T09:23:53] Telegram API returned 401: {"ok":false,"error_code":401,"description":"Unauthorized"}
[2026-10-01T09:23:55] Telegram API returned 401: {"ok":false,"error_code":401,"description":"Unauthorized"}
[2026-10-01T09:23:58] Sent availability notification.
[2026-10-01T21:21:20] Telegram API returned 401: {"ok":false,"error_code":401,"description":"Unauthorized"}
[2026-10-01T21:21:23] Telegram API returned 401: {"ok":false,"error_code":401,"description":"Unauthorized"}
[2026-10-01T21:21:25] Sent availability notification.
[2026-10-02T00:58:07] Telegram API returned 401: {"ok":false,"error_code":401,"description":"Unauthorized"}
[2026-10-02T00:58:09] Telegram API returned 401: {"ok":false,"error_code":401,"description":"Unauthorized"}
[2026-10-02T00:58:11] Sent availability notification.
[2026-10-02T13:23:10] Telegram API returned 401: {"ok":false,"error_code":401,"description":"Unauthorized"}
[2026-10-02T13:23:12] Telegram API returned 401: {"ok":false,"error_code":401,"description":"Unauthorized"}
[2026-10-02T13:23:14] Sent availability notification.
[2026-10-02T18:35:49] Telegram API returned 401: {"ok":false,"error_code":401,"description":"Unauthorized"}
[2026-10-02T18:35:51] Telegram API returned 401: {"ok":false,"error_code":401,"description":"Unauthorized"}
[2026-10-02T18:35:53] Sent availability notification.
[2026-10-02T22:33:21] Telegram API returned 401: {"ok":false,"error_code":401,"description":"Unauthorized"}
[2026-10-02T22:33:23] Telegram API returned 401: {"ok":false,"error_code":401,"description":"Unauthorized"}
[2026-10-02T22:33:25] Sent availability notification.
[2026-10-03T01:24:58] Telegram API returned 401: {"ok":false,"error_code":401,"description":"Unauthorized"}
[2026-10-03T01:25:00] Telegram API returned 401: {"ok":false,"error_code":401,"description":"Unauthorized"}
[2026-10-03T01:25:02] Sent availability notification.
[2026-10-03T06:50:28] Telegram API returned 401: {"ok":false,"error_code":401,"description":"Unauthorized"}
[2026-10-03T06:50:31] Telegram API returned 401: {"ok":false,"error_code":401,"description":"Unauthorized"}
[2026-10-03T06:50:33] Sent availability notification.
[2026-10-03T12:07:24] Telegram API returned 401: {"ok":false,"error_code":401,"description":"Unauthorized"}
[2026-10-03T12:07:26] Telegram API returned 401: {"ok":false,"error_code":401,"description":"Unauthorized"}
[2026-10-03T12:07:28] Sent availability notification.
[2026-10-03T16:15:04] Telegram API returned 401: {"ok":false,"error_code":401,"description":"Unauthorized"}
[2026-10-03T16:15:06] Telegram API returned 401: {"ok":false,"error_code":401,"description":"Unauthorized"}
[2026-10-03T16:15:08] Sent availability notification.
[2026-10-03T19:17:41] Telegram API returned 401: {"ok":false,"error_code":401,"description":"Unauthorized"}
[2026-10-03T19:17:43] Telegram API returned 401: {"ok":false,"error_code":401,"description":"Unauthorized"}
[2026-10-03T19:17:45] Sent availability notification.
[2026-10-03T22:13:47] Telegram API returned 401: {"ok":false,"error_code":401,"description":"Unauthorized"}
[2026-10-03T22:13:50] Telegram API returned 401: {"ok":false,"error_code":401,"description":"Unauthorized"}
[2026-10-03T22:13:52] Sent availability notification.
[2026-10-04T00:42:53] Telegram API returned 401: {"ok":false,"error_code":401,"description":"Unauthorized"}
[2026-10-04T00:42:55] Telegram API returned 401: {"ok":false,"error_code":401,"description":"Unauthorized"}
[2026-10-04T00:42:57] Sent availability notification.
[2026-10-04T06:24:51] Telegram API returned 401: {"ok":false,"error_code":401,"description":"Unauthorized"}
[2026-10-04T06:24:53] Telegram API returned 401: {"ok":false,"error_code":401,"description":"Unauthorized"}
[2026-10-04T06:24:55] Sent availability notification.
[2026-10-04T12:43:00] Telegram API returned 401: {"ok":false,"error_code":401,"description":"Unauthorized"}
[2026-10-04T12:43:02] Telegram API returned 401: {"ok":false,"error_code":401,"description":"Unauthorized"}
[2026-10-04T12:43:04] Sent availability notification.
[2026-10-04T17:04:47] Telegram API returned 401: {"ok":false,"error_code":401,"description":"Unauthorized"}
[2026-10-04T17:04:49] Telegram API returned 401: {"ok":false,"error_code":401,"description":"Unauthorized"}
[2026-10-04T17:04:51] Sent availability notification.
[2026-10-04T20:08:14] Telegram API returned 401: {"ok":false,"error_code":401,"description":"Unauthorized"}
[2026-10-04T20:08:17] Telegram API returned 401: {"ok":false,"error_code":401,"description":"Unauthorized"}
[2026-10-04T20:08:19] Sent availability notification.
[2026-10-04T23:07:27] Telegram API returned 401: {"ok":false,"error_code":401,"description":"Unauthorized"}
[2026-10-04T23:07:30] Telegram API returned 401: {"ok":false,"error_code":401,"description":"Unauthorized"}
[2026-10-04T23:07:32] Sent availability notification.
[2026-10-05T01:58:09] Telegram API returned 401: {"ok":false,"error_code":401,"description":"Unauthorized"}
[2026-10-05T01:58:11] Telegram API returned 401: {"ok":false,"error_code":401,"description":"Unauthorized"}
[2026-10-05T01:58:13] Sent availability notification.
[2026-10-05T08:45:41] Telegram API returned 401: {"ok":false,"error_code":401,"description":"Unauthorized"}
[2026-10-05T08:45:43] Telegram API returned 401: {"ok":false,"error_code":401,"description":"Unauthorized"}
[2026-10-05T08:45:45] Sent availability notification.
[2026-10-05T17:28:37] Telegram API returned 401: {"ok":false,"error_code":401,"description":"Unauthorized"}
[2026-10-05T17:28:39] Telegram API returned 401: {"ok":false,"error_code":401,"description":"Unauthorized"}
[2026-10-05T17:28:41] Sent availability notification.
[2026-10-05T23:20:02] Telegram API returned 401: {"ok":false,"error_code":401,"description":"Unauthorized"}
[2026-10-05T23:20:04] Telegram API returned 401: {"ok":false,"error_code":401,"description":"Unauthorized"}
[2026-10-05T23:20:06] Sent availability notification.
[2026-10-06T03:09:42] Telegram API returned 401: {"ok":false,"error_code":401,"description":"Unauthorized"}
[2026-10-06T03:09:44] Telegram API returned 401: {"ok":false,"error_code":401,"description":"Unauthorized"}
[2026-10-06T03:09:46] Sent availability notification.
[2026-10-06T10:17:02] Telegram API returned 401: {"ok":false,"error_code":401,"description":"Unauthorized"}
[2026-10-06T10:17:04] Telegram API returned 401: {"ok":false,"error_code":401,"description":"Unauthorized"}
[2026-10-06T10:17:06] Sent availability notification.
[2026-10-06T16:52:43] Telegram API returned 401: {"ok":false,"error_code":401,"description":"Unauthorized"}
[2026-10-06T16:52:46] Telegram API returned 401: {"ok":false,"error_code":401,"description":"Unauthorized"}
[2026-10-06T16:52:48] Sent availability notification.
[2026-10-06T21:24:45] Telegram API returned 401: {"ok":false,"error_code":401,"description":"Unauthorized"}
[2026-10-06T21:24:47] Telegram API returned 401: {"ok":false,"error_code":401,"description":"Unauthorized"}
[2026-10-06T21:24:49] Sent availability notification.
[2026-10-07T00:55:05] Telegram API returned 401: {"ok":false,"error_code":401,"description":"Unauthorized"}
[2026-10-07T00:55:07] Telegram API returned 401: {"ok":false,"error_code":401,"description":"Unauthorized"}
[2026-10-07T00:55:09] Sent availability notification.
[2026-10-07T06:50:57] Telegram API returned 401: {"ok":false,"error_code":401,"description":"Unauthorized"}
[2026-10-07T06:50:59] Telegram API returned 401: {"ok":false,"error_code":401,"description":"Unauthorized"}
[2026-10-07T06:51:01] Sent availability notification.
[2026-10-07T14:01:54] Telegram API returned 401: {"ok":false,"error_code":401,"description":"Unauthorized"}
[2026-10-07T14:01:57] Telegram API returned 401: {"ok":false,"error_code":401,"description":"Unauthorized"}
[2026-10-07T14:01:59] Sent availability notification.
[2026-10-07T19:55:36] Telegram API returned 401: {"ok":false,"error_code":401,"description":"Unauthorized"}
[2026-10-07T19:55:38] Telegram API returned 401: {"ok":false,"error_code":401,"description":"Unauthorized"}
[2026-10-07T19:55:40] Sent availability notification.
[2026-10-08T00:01:49] Telegram API returned 401: {"ok":false,"error_code":401,"description":"Unauthorized"}
[2026-10-08T00:01:51] Telegram API returned 401: {"ok":false,"error_code":401,"description":"Unauthorized"}
[2026-10-08T00:01:53] Sent availability notification.
[2026-10-08T05:53:12] Telegram API returned 401: {"ok":false,"error_code":401,"description":"Unauthorized"}
[2026-10-08T05:53:14] Telegram API returned 401: {"ok":false,"error_code":401,"description":"Unauthorized"}
[2026-10-08T05:53:16] Sent availability notification.
[2026-10-08T12:35:26] Telegram API returned 401: {"ok":false,"error_code":401,"description":"Unauthorized"}
[2026-10-08T12:35:28] Telegram API returned 401: {"ok":false,"error_code":401,"description":"Unauthorized"}
[2026-10-08T12:35:30] Sent availability notification.
[2026-10-08T19:01:26] Telegram API returned 401: {"ok":false,"error_code":401,"description":"Unauthorized"}
[2026-10-08T19:01:28] Telegram API returned 401: {"ok":false,"error_code":401,"description":"Unauthorized"}
[2026-10-08T19:01:30] Sent availability notification.
